[36mvite v5.4.21 [32mbuilding for production...[36m[39m
transforming...
[32mΓ£ô[39m 189 modules transformed.

PWA v0.20.5
mode      generateSW
precache  10 entries (2041.43 KiB)
files generated
  dist/sw.js
  dist/workbox-bebfc3f3.js
node.exe : [31mx[39m 
Build failed in 8.26s
At C:\nvm4w\nodejs\npx.
ps1:29 char:3
+   & $NODE_EXE 
$NPX_CLI_JS $args
+   ~~~~~~~~~~~~~~~~~~~
~~~~~~~~~~
    + CategoryInfo     
         : NotSpecifi  
  ed: ([31mx[39m B   
 uild failed in 8.2    
6s:String) [], Rem    
oteException
    + FullyQualifiedEr 
   rorId : NativeComm  
  andError
 
[31merror during 
build:
[31m[vite-plugin-pwa:b
uild] [plugin 
vite-plugin-pwa:build] 
src/index.css (305:2): 
There was an error 
during the build:
  [postcss] C:/Users/As
h/OneDrive/Desktop/resq
nowfrontend/src/index.c
ss:305:3: The `shadow-[
0_2px_12px_rgba(0,` 
class does not exist. 
If `shadow-[0_2px_12px_
rgba(0,` is a custom 
class, make sure it is 
defined within a 
`@layer` directive.
Additionally, handling 
the error in the 
'buildEnd' hook caused 
the following error:
  [postcss] C:/Users/As
h/OneDrive/Desktop/resq
nowfrontend/src/index.c
ss:305:3: The `shadow-[
0_2px_12px_rgba(0,` 
class does not exist. 
If `shadow-[0_2px_12px_
rgba(0,` is a custom 
class, make sure it is 
defined within a 
`@layer` 
directive.[31m
file: [36mC:/Users/Ash
/OneDrive/Desktop/resqn
owfrontend/src/index.cs
s:305:2[31m
    at getRollupError (
file:///C:/Users/Ash/On
eDrive/Desktop/resqnowf
rontend/node_modules/ro
llup/dist/es/shared/par
seAst.js:402:41)
    at file:///C:/Users
/Ash/OneDrive/Desktop/r
esqnowfrontend/node_mod
ules/rollup/dist/es/sha
red/node-entry.js:23467
:39
    at async catchUnfin
ishedHookActions (file:
///C:/Users/Ash/OneDriv
e/Desktop/resqnowfronte
nd/node_modules/rollup/
dist/es/shared/node-ent
ry.js:22925:16)
    at async 
rollupInternal (file://
/C:/Users/Ash/OneDrive/
Desktop/resqnowfrontend
/node_modules/rollup/di
st/es/shared/node-entry
.js:23450:5)
    at async build (fil
e:///C:/Users/Ash/OneDr
ive/Desktop/resqnowfron
tend/node_modules/vite/
dist/node/chunks/dep-BK
3b2jBa.js:65709:14)
    at async 
CAC.<anonymous> (file:/
//C:/Users/Ash/OneDrive
/Desktop/resqnowfronten
d/node_modules/vite/dis
t/node/cli.js:829:5)[3
9m
